../Core/Src/main.c:103:20:LED_On	8	static
../Core/Src/main.c:104:20:LED_Off	8	static
../Core/Src/main.c:105:20:Buzzer_On	8	static
../Core/Src/main.c:106:20:Buzzer_Off	8	static
../Core/Src/main.c:109:13:GPIO_UserInit_LED_Buzzer	32	static
../Core/Src/main.c:125:13:GPIO_UserInit_Ultrasonic	32	static
../Core/Src/main.c:146:6:vApplicationMallocFailedHook	16	static,ignoring_inline_asm
../Core/Src/main.c:158:6:vApplicationStackOverflowHook	24	static,ignoring_inline_asm
../Core/Src/main.c:190:13:BT_Send	16	static
../Core/Src/main.c:199:13:BT_Printf	232	static
../Core/Src/main.c:210:13:delay_us	16	static
../Core/Src/main.c:220:26:I2C_Read	64	static
../Core/Src/main.c:229:26:I2C_Write	48	static
../Core/Src/main.c:239:16:BMP280_FindAddress	16	static
../Core/Src/main.c:256:13:BMP280_ReadCalib	32	static
../Core/Src/main.c:276:16:BMP280_Init_Sensor	16	static
../Core/Src/main.c:294:13:BMP280_ReadRaw	24	static
../Core/Src/main.c:308:16:BMP280_Compensate_T_x100	24	static
../Core/Src/main.c:317:17:BMP280_Compensate_P_Pa	208	static
../Core/Src/main.c:338:16:Ultrasonic_ReadOnce_x100	32	static
../Core/Src/main.c:400:13:sort5	32	static
../Core/Src/main.c:412:16:Ultrasonic_GetDistanceCm_x100	88	static
../Core/Src/main.c:537:13:TempTask	88	static
../Core/Src/main.c:624:13:DistanceTask	128	static
../Core/Src/main.c:751:13:MX_TIM2_Init	24	static
../Core/Src/main.c:776:6:SystemClock_Config	96	static
../Core/Src/main.c:806:5:main	16	static
../Core/Src/main.c:849:6:Error_Handler	16	static,ignoring_inline_asm
