../Core/Src/main.c:72:6:delay_us	24	static,ignoring_inline_asm
../Core/Src/main.c:83:6:DHT11_SetPinOutput	32	static
../Core/Src/main.c:93:6:DHT11_SetPinInput	32	static
../Core/Src/main.c:103:9:DHT11_Read	40	static
../Core/Src/main.c:192:6:Buzzer_Beep	16	static
../Core/Src/main.c:199:6:LED_On	8	static
../Core/Src/main.c:204:6:LED_Off	8	static
../Core/Src/main.c:215:5:main	136	static
../Core/Src/main.c:275:6:SystemClock_Config	152	static
../Core/Src/main.c:339:13:MX_USART1_UART_Init	8	static
../Core/Src/main.c:362:13:MX_USART2_UART_Init	8	static
../Core/Src/main.c:385:13:MX_GPIO_Init	56	static
../Core/Src/main.c:430:6:Error_Handler	8	static,ignoring_inline_asm
